[2026-05-03 12:59:28] Starting automation for: https://classedge.hccci.edu.ph/subjectDetail/286/?semester=
[2026-05-03 12:59:36] Page loaded: https://classedge.hccci.edu.ph/subjectDetail/286/?semester=
[2026-05-03 12:59:42] Clicked 'Start Class' using selector: a:has-text('Start Class')
[2026-05-03 12:59:44] Confirmed dialog via: button:has-text('OK')
[2026-05-03 12:59:44] SUCCESS: Class started at 12:59 PM.
[2026-05-04 07:40:29] Running 25 min after scheduled time 07:15.
[2026-05-04 07:40:29] Starting automation for: https://classedge.hccci.edu.ph/subjectDetail/379/?semester=
[2026-05-04 07:41:57] Page loaded: https://classedge.hccci.edu.ph/subjectDetail/379/?semester=
[2026-05-04 07:42:20] WARNING: 'Start Class' button not found. It may already be active, or the page layout changed. Browser window left open for manual check.
[2026-05-04 09:17:48] Running 3 min after scheduled time 09:15.
[2026-05-04 09:17:50] Starting automation for: https://classedge.hccci.edu.ph/subjectDetail/351/?semester=
[2026-05-04 09:26:13] Page loaded: https://classedge.hccci.edu.ph/subjectDetail/351/?semester=
[2026-05-04 09:26:19] Clicked 'Start Class' using selector: a:has-text('Start Class')
[2026-05-04 09:26:21] Confirmed dialog via: button:has-text('OK')
[2026-05-04 09:26:21] SUCCESS: Class started at 09:26 AM.
[2026-05-04 13:15:01] Running 0 min after scheduled time 13:15.
[2026-05-04 13:15:01] Starting automation for: https://classedge.hccci.edu.ph/subjectDetail/387/?semester=
[2026-05-04 13:15:14] Page loaded: https://classedge.hccci.edu.ph/subjectDetail/387/?semester=
[2026-05-04 13:15:19] Clicked 'Start Class' using selector: a:has-text('Start Class')
[2026-05-04 13:15:21] Confirmed dialog via: button:has-text('OK')
[2026-05-04 13:15:21] SUCCESS: Class started at 01:15 PM.
[2026-05-05 07:15:04] Running 0 min after scheduled time 07:15.
[2026-05-05 07:15:04] Starting automation for: https://classedge.hccci.edu.ph/subjectDetail/534/?semester=
[2026-05-05 07:15:31] Page loaded: https://classedge.hccci.edu.ph/subjectDetail/534/?semester=
[2026-05-05 07:15:37] Clicked 'Start Class' using selector: a:has-text('Start Class')
[2026-05-05 07:15:39] Confirmed dialog via: button:has-text('OK')
[2026-05-05 07:15:39] SUCCESS: Class started at 07:15 AM.
[2026-05-05 09:15:01] Running 0 min after scheduled time 09:15.
[2026-05-05 09:15:01] Starting automation for: https://classedge.hccci.edu.ph/subjectDetail/535/?semester=
[2026-05-05 09:15:11] Page loaded: https://classedge.hccci.edu.ph/subjectDetail/535/?semester=
[2026-05-05 09:15:17] Clicked 'Start Class' using selector: a:has-text('Start Class')
[2026-05-05 09:15:19] Confirmed dialog via: button:has-text('OK')
[2026-05-05 09:15:19] SUCCESS: Class started at 09:15 AM.
[2026-05-05 13:15:05] Running 0 min after scheduled time 13:15.
[2026-05-05 13:15:05] Starting automation for: https://classedge.hccci.edu.ph/subjectDetail/539/?semester=
[2026-05-05 13:15:50] Page loaded: https://classedge.hccci.edu.ph/subjectDetail/539/?semester=
[2026-05-05 13:15:56] Clicked 'Start Class' using selector: a:has-text('Start Class')
[2026-05-05 13:15:57] Confirmed dialog via: button:has-text('OK')
[2026-05-05 13:15:57] SUCCESS: Class started at 01:15 PM.
[2026-05-08 07:53:21] Running 38 min after scheduled time 07:15.
[2026-05-08 07:53:21] Starting automation for: https://classedge.hccci.edu.ph/subjectDetail/348/?semester=
[2026-05-08 07:54:24] Page loaded: https://classedge.hccci.edu.ph/subjectDetail/348/?semester=
[2026-05-08 07:54:47] WARNING: 'Start Class' button not found. It may already be active, or the page layout changed. Browser window left open for manual check.
[2026-05-09 10:07:53] Running 53 min after scheduled time 09:15.
[2026-05-09 10:07:53] Starting automation for: https://classedge.hccci.edu.ph/subjectDetail/331/?semester=
[2026-05-09 12:59:32] Running 15 min after scheduled time 12:45.
[2026-05-09 12:59:32] Starting automation for: https://classedge.hccci.edu.ph/subjectDetail/253/?semester=
[2026-05-09 13:00:20] Page loaded: https://classedge.hccci.edu.ph/subjectDetail/253/?semester=
[2026-05-09 13:00:27] Clicked 'Start Class' using selector: a:has-text('Start Class')
[2026-05-09 13:00:33] Confirmed dialog via: button:has-text('OK')
[2026-05-09 13:00:33] SUCCESS: Class started at 01:00 PM.
[2026-05-10 07:15:03] Running 0 min after scheduled time 07:15.
[2026-05-10 07:15:03] Starting automation for: https://classedge.hccci.edu.ph/subjectDetail/439/?semester=
[2026-05-10 07:15:23] Page loaded: https://classedge.hccci.edu.ph/subjectDetail/439/?semester=
[2026-05-10 07:15:29] Clicked 'Start Class' using selector: a:has-text('Start Class')
[2026-05-10 07:15:31] Confirmed dialog via: button:has-text('OK')
[2026-05-10 07:15:31] SUCCESS: Class started at 07:15 AM.
[2026-05-10 12:45:04] Running 0 min after scheduled time 12:45.
[2026-05-10 12:45:04] Starting automation for: https://classedge.hccci.edu.ph/subjectDetail/286/?semester=
[2026-05-10 12:45:39] Page loaded: https://classedge.hccci.edu.ph/subjectDetail/286/?semester=
[2026-05-10 12:45:45] Clicked 'Start Class' using selector: a:has-text('Start Class')
[2026-05-10 12:45:47] Confirmed dialog via: button:has-text('OK')
[2026-05-10 12:45:47] SUCCESS: Class started at 12:45 PM.
[2026-05-11 09:15:05] Running 0 min after scheduled time 09:15.
[2026-05-11 09:15:05] Starting automation for: https://classedge.hccci.edu.ph/subjectDetail/351/?semester=
[2026-05-11 09:15:44] Page loaded: https://classedge.hccci.edu.ph/subjectDetail/351/?semester=
[2026-05-11 09:15:50] Clicked 'Start Class' using selector: a:has-text('Start Class')
[2026-05-11 09:15:52] Confirmed dialog via: button:has-text('OK')
[2026-05-11 09:15:52] SUCCESS: Class started at 09:15 AM.
