[2026-05-10 21:11:02] ============================================================
[2026-05-10 21:11:02] ClassEdge LMS — Bulk Lesson Upload
[2026-05-10 21:11:02] [DRY RUN mode — no files will actually be submitted]
[2026-05-10 21:11:02] Term preference : auto
[2026-05-10 21:11:02] ============================================================
[2026-05-10 21:11:02] 
Capstone Project 1 (LEC): no new files.
[2026-05-10 21:11:02] 
Computer Programming 2 (LAB): no new files.
[2026-05-10 21:11:02] 
Computer Programming 2 (LEC): no new files.
[2026-05-10 21:11:02] 
Fundamentals of Information Systems (LAB): no new files.
[2026-05-10 21:11:02] 
Fundamentals of Information Systems (LEC): no new files.
[2026-05-10 21:11:02] 
Teaching Common Competencies in ICT (LEC): no new files.
[2026-05-10 21:11:02] 
Web Design (LAB): no new files.
[2026-05-10 21:11:02] 
Web Design (LEC): no new files.
[2026-05-10 21:11:02] 
[2026-05-10 21:11:02] ============================================================
[2026-05-10 21:11:02] Done.  Uploaded: 0   Failed: 0
[2026-05-10 21:11:02] ============================================================
[2026-05-10 21:11:05] ============================================================
[2026-05-10 21:11:05] ClassEdge LMS — Bulk Lesson Upload
[2026-05-10 21:11:05] [DRY RUN mode — no files will actually be submitted]
[2026-05-10 21:11:05] Term preference : auto
[2026-05-10 21:11:05] ============================================================
[2026-05-10 21:11:05] 
Capstone Project 1 (LEC): no new files.
[2026-05-10 21:11:05] 
Computer Programming 2 (LAB): no new files.
[2026-05-10 21:11:05] 
Computer Programming 2 (LEC): no new files.
[2026-05-10 21:11:05] 
Fundamentals of Information Systems (LAB): no new files.
[2026-05-10 21:11:05] 
Fundamentals of Information Systems (LEC): no new files.
[2026-05-10 21:11:05] 
Teaching Common Competencies in ICT (LEC): no new files.
[2026-05-10 21:11:05] 
Web Design (LAB): no new files.
[2026-05-10 21:11:05] 
Web Design (LEC): no new files.
[2026-05-10 21:11:05] 
[2026-05-10 21:11:05] ============================================================
[2026-05-10 21:11:05] Done.  Uploaded: 0   Failed: 0
[2026-05-10 21:11:05] ============================================================
